Product: MDK-ARM Lite 5.10
Component: ARM Compiler 5.04 update 1 (build 49)
Tool: armlink [5040049]

==============================================================================

Section Cross References

    mdr32f9qx_dma.o(.text) refers to mdr32f9qx_dma.o(.bss) for DMA_ControlTable
    mdr32f9qx_uart.o(.text) refers to mdr32f9qx_rst_clk.o(.text) for RST_CLK_GetClocksFreq
    mdr32f9qx_wwdg.o(.text) refers to mdr32f9qx_rst_clk.o(.text) for RST_CLK_PCLKcmd
    font_12x16.o(.data) refers to font_12x16.o(.constdata) for Font_12x16_Data
    font_6x8.o(.data) refers to font_6x8.o(.constdata) for Font_6x8_Data
    font_7x10_bold.o(.data) refers to font_7x10_bold.o(.constdata) for Font_7x10_bold_Data
    font_7x10_thin.o(.data) refers to font_7x10_thin.o(.constdata) for Font_7x10_thin_Data
    startup_mdr32f9qx.o(STACK) refers (Special) to heapauxi.o(.text) for __use_two_region_memory
    startup_mdr32f9qx.o(HEAP) refers (Special) to heapauxi.o(.text) for __use_two_region_memory
    startup_mdr32f9qx.o(RESET) refers (Special) to heapauxi.o(.text) for __use_two_region_memory
    startup_mdr32f9qx.o(RESET) refers to startup_mdr32f9qx.o(STACK) for __initial_sp
    startup_mdr32f9qx.o(RESET) refers to startup_mdr32f9qx.o(.text) for Reset_Handler
    startup_mdr32f9qx.o(.text) refers (Special) to heapauxi.o(.text) for __use_two_region_memory
    startup_mdr32f9qx.o(.text) refers to system_mdr32f9qx.o(.text) for SystemInit
    startup_mdr32f9qx.o(.text) refers to __main.o(!!!main) for __main
    startup_mdr32f9qx.o(.text) refers to startup_mdr32f9qx.o(HEAP) for Heap_Mem
    startup_mdr32f9qx.o(.text) refers to startup_mdr32f9qx.o(STACK) for Stack_Mem
    system_mdr32f9qx.o(.text) refers to system_mdr32f9qx.o(.data) for SystemCoreClock
    main.o(.text) refers to mdr32f9qx_rst_clk.o(.text) for RST_CLK_PCLKcmd
    main.o(.text) refers to mdr32f9qx_port.o(.text) for PORT_StructInit
    main.o(.text) refers to main.o(.bss) for PORT_InitStructure
    __main.o(!!!main) refers to rtentry.o(.ARM.Collect$$rtentry$$00000000) for __rt_entry
    rtentry.o(.ARM.Collect$$rtentry$$00000000) refers (Special) to rtentry2.o(.ARM.Collect$$rtentry$$0000000A) for __rt_entry_li
    rtentry.o(.ARM.Collect$$rtentry$$00000000) refers (Special) to rtentry2.o(.ARM.Collect$$rtentry$$0000000D) for __rt_entry_main
    rtentry.o(.ARM.Collect$$rtentry$$00000000) refers (Special) to rtentry2.o(.ARM.Collect$$rtentry$$0000000C) for __rt_entry_postli_1
    rtentry.o(.ARM.Collect$$rtentry$$00000000) refers (Special) to rtentry2.o(.ARM.Collect$$rtentry$$00000009) for __rt_entry_postsh_1
    rtentry.o(.ARM.Collect$$rtentry$$00000000) refers (Special) to rtentry2.o(.ARM.Collect$$rtentry$$00000002) for __rt_entry_presh_1
    rtentry.o(.ARM.Collect$$rtentry$$00000000) refers (Special) to rtentry4.o(.ARM.Collect$$rtentry$$00000004) for __rt_entry_sh
    rtentry2.o(.ARM.Collect$$rtentry$$00000008) refers to boardinit2.o(.text) for _platform_post_stackheap_init
    rtentry2.o(.ARM.Collect$$rtentry$$0000000A) refers to libinit.o(.ARM.Collect$$libinit$$00000000) for __rt_lib_init
    rtentry2.o(.ARM.Collect$$rtentry$$0000000B) refers to boardinit3.o(.text) for _platform_post_lib_init
    rtentry2.o(.ARM.Collect$$rtentry$$0000000D) refers to main.o(.text) for main
    rtentry2.o(.ARM.Collect$$rtentry$$0000000D) refers to exit.o(.text) for exit
    rtentry2.o(.ARM.exidx) refers to rtentry2.o(.ARM.Collect$$rtentry$$00000001) for .ARM.Collect$$rtentry$$00000001
    rtentry2.o(.ARM.exidx) refers to rtentry2.o(.ARM.Collect$$rtentry$$00000008) for .ARM.Collect$$rtentry$$00000008
    rtentry2.o(.ARM.exidx) refers to rtentry2.o(.ARM.Collect$$rtentry$$0000000A) for .ARM.Collect$$rtentry$$0000000A
    rtentry2.o(.ARM.exidx) refers to rtentry2.o(.ARM.Collect$$rtentry$$0000000B) for .ARM.Collect$$rtentry$$0000000B
    rtentry2.o(.ARM.exidx) refers to rtentry2.o(.ARM.Collect$$rtentry$$0000000D) for .ARM.Collect$$rtentry$$0000000D
    rtentry4.o(.ARM.Collect$$rtentry$$00000004) refers to sys_stackheap_outer.o(.text) for __user_setup_stackheap
    rtentry4.o(.ARM.exidx) refers to rtentry4.o(.ARM.Collect$$rtentry$$00000004) for .ARM.Collect$$rtentry$$00000004
    sys_stackheap_outer.o(.text) refers to libspace.o(.text) for __user_perproc_libspace
    sys_stackheap_outer.o(.text) refers to startup_mdr32f9qx.o(.text) for __user_initial_stackheap
    exit.o(.text) refers to rtexit.o(.ARM.Collect$$rtexit$$00000000) for __rt_exit
    libinit.o(.ARM.Collect$$libinit$$00000000) refers (Special) to libinit2.o(.ARM.Collect$$libinit$$0000002C) for __rt_lib_init_alloca_1
    libinit.o(.ARM.Collect$$libinit$$00000000) refers (Special) to libinit2.o(.ARM.Collect$$libinit$$0000002A) for __rt_lib_init_argv_1
    libinit.o(.ARM.Collect$$libinit$$00000000) refers (Special) to libinit2.o(.ARM.Collect$$libinit$$00000019) for __rt_lib_init_atexit_1
    libinit.o(.ARM.Collect$$libinit$$00000000) refers (Special) to libinit2.o(.ARM.Collect$$libinit$$0000001F) for __rt_lib_init_clock_1
    libinit.o(.ARM.Collect$$libinit$$00000000) refers (Special) to libinit2.o(.ARM.Collect$$libinit$$00000030) for __rt_lib_init_cpp_1
    libinit.o(.ARM.Collect$$libinit$$00000000) refers (Special) to libinit2.o(.ARM.Collect$$libinit$$0000002E) for __rt_lib_init_exceptions_1
    libinit.o(.ARM.Collect$$libinit$$00000000) refers (Special) to libinit2.o(.ARM.Collect$$libinit$$00000002) for __rt_lib_init_fp_1
    libinit.o(.ARM.Collect$$libinit$$00000000) refers (Special) to libinit2.o(.ARM.Collect$$libinit$$0000001D) for __rt_lib_init_fp_trap_1
    libinit.o(.ARM.Collect$$libinit$$00000000) refers (Special) to libinit2.o(.ARM.Collect$$libinit$$00000021) for __rt_lib_init_getenv_1
    libinit.o(.ARM.Collect$$libinit$$00000000) refers (Special) to libinit2.o(.ARM.Collect$$libinit$$00000008) for __rt_lib_init_heap_1
    libinit.o(.ARM.Collect$$libinit$$00000000) refers (Special) to libinit2.o(.ARM.Collect$$libinit$$0000000F) for __rt_lib_init_lc_collate_1
    libinit.o(.ARM.Collect$$libinit$$00000000) refers (Special) to libinit2.o(.ARM.Collect$$libinit$$00000011) for __rt_lib_init_lc_ctype_1
    libinit.o(.ARM.Collect$$libinit$$00000000) refers (Special) to libinit2.o(.ARM.Collect$$libinit$$00000013) for __rt_lib_init_lc_monetary_1
    libinit.o(.ARM.Collect$$libinit$$00000000) refers (Special) to libinit2.o(.ARM.Collect$$libinit$$00000015) for __rt_lib_init_lc_numeric_1
    libinit.o(.ARM.Collect$$libinit$$00000000) refers (Special) to libinit2.o(.ARM.Collect$$libinit$$00000017) for __rt_lib_init_lc_time_1
    libinit.o(.ARM.Collect$$libinit$$00000000) refers (Special) to libinit2.o(.ARM.Collect$$libinit$$0000000C) for __rt_lib_init_rand_1
    libinit.o(.ARM.Collect$$libinit$$00000000) refers (Special) to libinit2.o(.ARM.Collect$$libinit$$00000031) for __rt_lib_init_return
    libinit.o(.ARM.Collect$$libinit$$00000000) refers (Special) to libinit2.o(.ARM.Collect$$libinit$$0000001B) for __rt_lib_init_signal_1
    libinit.o(.ARM.Collect$$libinit$$00000000) refers (Special) to libinit2.o(.ARM.Collect$$libinit$$00000023) for __rt_lib_init_stdio_1
    libinit.o(.ARM.Collect$$libinit$$00000000) refers (Special) to libinit2.o(.ARM.Collect$$libinit$$0000000A) for __rt_lib_init_user_alloc_1
    libspace.o(.text) refers to libspace.o(.bss) for __libspace_start
    rtexit.o(.ARM.Collect$$rtexit$$00000000) refers (Special) to rtexit2.o(.ARM.Collect$$rtexit$$00000004) for __rt_exit_exit
    rtexit.o(.ARM.Collect$$rtexit$$00000000) refers (Special) to rtexit2.o(.ARM.Collect$$rtexit$$00000003) for __rt_exit_ls
    rtexit.o(.ARM.Collect$$rtexit$$00000000) refers (Special) to rtexit2.o(.ARM.Collect$$rtexit$$00000002) for __rt_exit_prels_1
    rtexit.o(.ARM.exidx) refers (Special) to rtexit2.o(.ARM.Collect$$rtexit$$00000004) for __rt_exit_exit
    rtexit.o(.ARM.exidx) refers (Special) to rtexit2.o(.ARM.Collect$$rtexit$$00000003) for __rt_exit_ls
    rtexit.o(.ARM.exidx) refers (Special) to rtexit2.o(.ARM.Collect$$rtexit$$00000002) for __rt_exit_prels_1
    rtexit.o(.ARM.exidx) refers to rtexit.o(.ARM.Collect$$rtexit$$00000000) for .ARM.Collect$$rtexit$$00000000
    libinit2.o(.ARM.Collect$$libinit$$0000000E) refers to libinit2.o(.ARM.Collect$$libinit$$0000000D) for .ARM.Collect$$libinit$$0000000D
    libinit2.o(.ARM.Collect$$libinit$$00000010) refers to libinit2.o(.ARM.Collect$$libinit$$0000000D) for .ARM.Collect$$libinit$$0000000D
    libinit2.o(.ARM.Collect$$libinit$$00000012) refers to libinit2.o(.ARM.Collect$$libinit$$0000000D) for .ARM.Collect$$libinit$$0000000D
    libinit2.o(.ARM.Collect$$libinit$$00000014) refers to libinit2.o(.ARM.Collect$$libinit$$0000000D) for .ARM.Collect$$libinit$$0000000D
    libinit2.o(.ARM.Collect$$libinit$$00000016) refers to libinit2.o(.ARM.Collect$$libinit$$0000000D) for .ARM.Collect$$libinit$$0000000D
    libinit2.o(.ARM.Collect$$libinit$$00000024) refers to argv_veneer.o(.emb_text) for __ARM_argv_veneer
    libinit2.o(.ARM.Collect$$libinit$$00000025) refers to argv_veneer.o(.emb_text) for __ARM_argv_veneer
    rtexit2.o(.ARM.Collect$$rtexit$$00000003) refers to libshutdown.o(.ARM.Collect$$libshutdown$$00000000) for __rt_lib_shutdown
    rtexit2.o(.ARM.Collect$$rtexit$$00000004) refers to sys_exit.o(.text) for _sys_exit
    rtexit2.o(.ARM.exidx) refers to rtexit2.o(.ARM.Collect$$rtexit$$00000001) for .ARM.Collect$$rtexit$$00000001
    rtexit2.o(.ARM.exidx) refers to rtexit2.o(.ARM.Collect$$rtexit$$00000003) for .ARM.Collect$$rtexit$$00000003
    rtexit2.o(.ARM.exidx) refers to rtexit2.o(.ARM.Collect$$rtexit$$00000004) for .ARM.Collect$$rtexit$$00000004
    argv_veneer.o(.emb_text) refers to no_argv.o(.text) for __ARM_get_argv
    sys_exit.o(.text) refers (Special) to use_no_semi.o(.text) for __I$use$semihosting
    sys_exit.o(.text) refers (Special) to indicate_semi.o(.text) for __semihosting_library_function
    _get_argv_nomalloc.o(.text) refers (Special) to hrguard.o(.text) for __heap_region$guard
    _get_argv_nomalloc.o(.text) refers to defsig_rtmem_outer.o(.text) for __rt_SIGRTMEM
    _get_argv_nomalloc.o(.text) refers to sys_command.o(.text) for _sys_command_string
    libshutdown.o(.ARM.Collect$$libshutdown$$00000000) refers (Special) to libshutdown2.o(.ARM.Collect$$libshutdown$$00000006) for __rt_lib_shutdown_fp_trap_1
    libshutdown.o(.ARM.Collect$$libshutdown$$00000000) refers (Special) to libshutdown2.o(.ARM.Collect$$libshutdown$$0000000E) for __rt_lib_shutdown_heap_1
    libshutdown.o(.ARM.Collect$$libshutdown$$00000000) refers (Special) to libshutdown2.o(.ARM.Collect$$libshutdown$$0000000F) for __rt_lib_shutdown_return
    libshutdown.o(.ARM.Collect$$libshutdown$$00000000) refers (Special) to libshutdown2.o(.ARM.Collect$$libshutdown$$00000009) for __rt_lib_shutdown_signal_1
    libshutdown.o(.ARM.Collect$$libshutdown$$00000000) refers (Special) to libshutdown2.o(.ARM.Collect$$libshutdown$$00000003) for __rt_lib_shutdown_stdio_1
    libshutdown.o(.ARM.Collect$$libshutdown$$00000000) refers (Special) to libshutdown2.o(.ARM.Collect$$libshutdown$$0000000B) for __rt_lib_shutdown_user_alloc_1
    sys_command.o(.text) refers (Special) to use_no_semi.o(.text) for __I$use$semihosting
    sys_command.o(.text) refers (Special) to indicate_semi.o(.text) for __semihosting_library_function
    defsig_rtmem_outer.o(.text) refers to defsig_rtmem_inner.o(.text) for __rt_SIGRTMEM_inner
    defsig_rtmem_outer.o(.text) refers to defsig_exit.o(.text) for __sig_exit
    defsig_rtmem_formal.o(.text) refers to rt_raise.o(.text) for __rt_raise
    rt_raise.o(.text) refers to __raise.o(.text) for __raise
    rt_raise.o(.text) refers to sys_exit.o(.text) for _sys_exit
    defsig_exit.o(.text) refers to sys_exit.o(.text) for _sys_exit
    defsig_rtmem_inner.o(.text) refers to defsig_general.o(.text) for __default_signal_display
    __raise.o(.text) refers to defsig.o(CL$$defsig) for __default_signal_handler
    defsig_general.o(.text) refers to sys_wrch.o(.text) for _ttywrch
    sys_wrch.o(.text) refers (Special) to use_no_semi.o(.text) for __I$use$semihosting
    sys_wrch.o(.text) refers (Special) to indicate_semi.o(.text) for __semihosting_library_function
    defsig.o(CL$$defsig) refers to defsig_rtmem_inner.o(.text) for __rt_SIGRTMEM_inner
    defsig_abrt_inner.o(.text) refers to defsig_general.o(.text) for __default_signal_display
    defsig_fpe_inner.o(.text) refers to defsig_general.o(.text) for __default_signal_display
    defsig_rtred_inner.o(.text) refers to defsig_general.o(.text) for __default_signal_display
    defsig_stak_inner.o(.text) refers to defsig_general.o(.text) for __default_signal_display
    defsig_pvfn_inner.o(.text) refers to defsig_general.o(.text) for __default_signal_display
    defsig_cppl_inner.o(.text) refers to defsig_general.o(.text) for __default_signal_display
    defsig_segv_inner.o(.text) refers to defsig_general.o(.text) for __default_signal_display
    defsig_other.o(.text) refers to defsig_general.o(.text) for __default_signal_display


==============================================================================

Removing Unused input sections from the image.

    Removing mdr32f9qx_adc.o(.rev16_text), (4 bytes).
    Removing mdr32f9qx_adc.o(.revsh_text), (4 bytes).
    Removing mdr32f9qx_adc.o(.text), (948 bytes).
    Removing mdr32f9qx_bkp.o(.rev16_text), (4 bytes).
    Removing mdr32f9qx_bkp.o(.revsh_text), (4 bytes).
    Removing mdr32f9qx_bkp.o(.text), (244 bytes).
    Removing mdr32f9qx_can.o(.rev16_text), (4 bytes).
    Removing mdr32f9qx_can.o(.revsh_text), (4 bytes).
    Removing mdr32f9qx_can.o(.text), (1028 bytes).
    Removing mdr32f9qx_comp.o(.rev16_text), (4 bytes).
    Removing mdr32f9qx_comp.o(.revsh_text), (4 bytes).
    Removing mdr32f9qx_comp.o(.text), (308 bytes).
    Removing mdr32f9qx_dac.o(.rev16_text), (4 bytes).
    Removing mdr32f9qx_dac.o(.revsh_text), (4 bytes).
    Removing mdr32f9qx_dac.o(.text), (144 bytes).
    Removing mdr32f9qx_dma.o(.rev16_text), (4 bytes).
    Removing mdr32f9qx_dma.o(.revsh_text), (4 bytes).
    Removing mdr32f9qx_dma.o(.text), (744 bytes).
    Removing mdr32f9qx_dma.o(.bss), (1024 bytes).
    Removing mdr32f9qx_ebc.o(.rev16_text), (4 bytes).
    Removing mdr32f9qx_ebc.o(.revsh_text), (4 bytes).
    Removing mdr32f9qx_ebc.o(.text), (240 bytes).
    Removing mdr32f9qx_eeprom.o(.rev16_text), (4 bytes).
    Removing mdr32f9qx_eeprom.o(.revsh_text), (4 bytes).
    Removing mdr32f9qx_eeprom.o(.text), (12 bytes).
    Removing mdr32f9qx_eeprom.o(EXECUTABLE_MEMORY_SECTION), (796 bytes).
    Removing mdr32f9qx_i2c.o(.rev16_text), (4 bytes).
    Removing mdr32f9qx_i2c.o(.revsh_text), (4 bytes).
    Removing mdr32f9qx_i2c.o(.text), (264 bytes).
    Removing mdr32f9qx_iwdg.o(.rev16_text), (4 bytes).
    Removing mdr32f9qx_iwdg.o(.revsh_text), (4 bytes).
    Removing mdr32f9qx_iwdg.o(.text), (72 bytes).
    Removing mdr32f9qx_port.o(.rev16_text), (4 bytes).
    Removing mdr32f9qx_port.o(.revsh_text), (4 bytes).
    Removing mdr32f9qx_power.o(.rev16_text), (4 bytes).
    Removing mdr32f9qx_power.o(.revsh_text), (4 bytes).
    Removing mdr32f9qx_power.o(.text), (320 bytes).
    Removing mdr32f9qx_rst_clk.o(.rev16_text), (4 bytes).
    Removing mdr32f9qx_rst_clk.o(.revsh_text), (4 bytes).
    Removing mdr32f9qx_ssp.o(.rev16_text), (4 bytes).
    Removing mdr32f9qx_ssp.o(.revsh_text), (4 bytes).
    Removing mdr32f9qx_ssp.o(.text), (280 bytes).
    Removing mdr32f9qx_timer.o(.rev16_text), (4 bytes).
    Removing mdr32f9qx_timer.o(.revsh_text), (4 bytes).
    Removing mdr32f9qx_timer.o(.text), (1372 bytes).
    Removing mdr32f9qx_uart.o(.rev16_text), (4 bytes).
    Removing mdr32f9qx_uart.o(.revsh_text), (4 bytes).
    Removing mdr32f9qx_uart.o(.text), (520 bytes).
    Removing mdr32f9qx_usb.o(.rev16_text), (4 bytes).
    Removing mdr32f9qx_usb.o(.revsh_text), (4 bytes).
    Removing mdr32f9qx_usb.o(.text), (772 bytes).
    Removing mdr32f9qx_wwdg.o(.rev16_text), (4 bytes).
    Removing mdr32f9qx_wwdg.o(.revsh_text), (4 bytes).
    Removing mdr32f9qx_wwdg.o(.text), (124 bytes).
    Removing font_12x16.o(.constdata), (6144 bytes).
    Removing font_12x16.o(.data), (16 bytes).
    Removing font_6x8.o(.constdata), (1536 bytes).
    Removing font_6x8.o(.data), (16 bytes).
    Removing font_7x10_bold.o(.constdata), (3584 bytes).
    Removing font_7x10_bold.o(.data), (16 bytes).
    Removing font_7x10_thin.o(.constdata), (3584 bytes).
    Removing font_7x10_thin.o(.data), (16 bytes).
    Removing system_mdr32f9qx.o(.rev16_text), (4 bytes).
    Removing system_mdr32f9qx.o(.revsh_text), (4 bytes).
    Removing main.o(.rev16_text), (4 bytes).
    Removing main.o(.revsh_text), (4 bytes).
    Removing main.o(.data), (4 bytes).

67 unused section(s) (total 24288 bytes) removed from the image.

==============================================================================

Image Symbol Table

    Local Symbols

    Symbol Name                              Value     Ov Type        Size  Object(Section)

    ../clib/angel/boardlib.s                 0x00000000   Number         0  boardinit3.o ABSOLUTE
    ../clib/angel/boardlib.s                 0x00000000   Number         0  boardinit1.o ABSOLUTE
    ../clib/angel/boardlib.s                 0x00000000   Number         0  boardinit2.o ABSOLUTE
    ../clib/angel/boardlib.s                 0x00000000   Number         0  boardshut.o ABSOLUTE
    ../clib/angel/handlers.s                 0x00000000   Number         0  __scatter_zi.o ABSOLUTE
    ../clib/angel/handlers.s                 0x00000000   Number         0  __scatter_copy.o ABSOLUTE
    ../clib/angel/kernel.s                   0x00000000   Number         0  rtentry4.o ABSOLUTE
    ../clib/angel/kernel.s                   0x00000000   Number         0  rtexit.o ABSOLUTE
    ../clib/angel/kernel.s                   0x00000000   Number         0  rtentry.o ABSOLUTE
    ../clib/angel/kernel.s                   0x00000000   Number         0  rtentry2.o ABSOLUTE
    ../clib/angel/kernel.s                   0x00000000   Number         0  rtexit2.o ABSOLUTE
    ../clib/angel/rt.s                       0x00000000   Number         0  rt_raise.o ABSOLUTE
    ../clib/angel/scatter.s                  0x00000000   Number         0  __scatter.o ABSOLUTE
    ../clib/angel/startup.s                  0x00000000   Number         0  __main.o ABSOLUTE
    ../clib/angel/sys.s                      0x00000000   Number         0  use_no_semi.o ABSOLUTE
    ../clib/angel/sys.s                      0x00000000   Number         0  indicate_semi.o ABSOLUTE
    ../clib/angel/sys.s                      0x00000000   Number         0  sys_stackheap_outer.o ABSOLUTE
    ../clib/angel/sys.s                      0x00000000   Number         0  libspace.o ABSOLUTE
    ../clib/angel/sysapp.c                   0x00000000   Number         0  sys_command.o ABSOLUTE
    ../clib/angel/sysapp.c                   0x00000000   Number         0  sys_exit.o ABSOLUTE
    ../clib/angel/sysapp.c                   0x00000000   Number         0  sys_wrch.o ABSOLUTE
    ../clib/armsys.c                         0x00000000   Number         0  argv_veneer.o ABSOLUTE
    ../clib/armsys.c                         0x00000000   Number         0  argv_veneer.o ABSOLUTE
    ../clib/armsys.c                         0x00000000   Number         0  _get_argv_nomalloc.o ABSOLUTE
    ../clib/armsys.c                         0x00000000   Number         0  no_argv.o ABSOLUTE
    ../clib/heapalloc.c                      0x00000000   Number         0  hrguard.o ABSOLUTE
    ../clib/heapaux.c                        0x00000000   Number         0  heapauxi.o ABSOLUTE
    ../clib/libinit.s                        0x00000000   Number         0  libinit2.o ABSOLUTE
    ../clib/libinit.s                        0x00000000   Number         0  libshutdown.o ABSOLUTE
    ../clib/libinit.s                        0x00000000   Number         0  libinit.o ABSOLUTE
    ../clib/libinit.s                        0x00000000   Number         0  libshutdown2.o ABSOLUTE
    ../clib/signal.c                         0x00000000   Number         0  defsig_rtmem_formal.o ABSOLUTE
    ../clib/signal.c                         0x00000000   Number         0  defsig_fpe_inner.o ABSOLUTE
    ../clib/signal.c                         0x00000000   Number         0  defsig_segv_inner.o ABSOLUTE
    ../clib/signal.c                         0x00000000   Number         0  defsig_rtred_inner.o ABSOLUTE
    ../clib/signal.c                         0x00000000   Number         0  defsig_cppl_inner.o ABSOLUTE
    ../clib/signal.c                         0x00000000   Number         0  defsig_stak_inner.o ABSOLUTE
    ../clib/signal.c                         0x00000000   Number         0  defsig_pvfn_inner.o ABSOLUTE
    ../clib/signal.c                         0x00000000   Number         0  defsig_exit.o ABSOLUTE
    ../clib/signal.c                         0x00000000   Number         0  defsig_general.o ABSOLUTE
    ../clib/signal.c                         0x00000000   Number         0  __raise.o ABSOLUTE
    ../clib/signal.c                         0x00000000   Number         0  defsig_rtmem_inner.o ABSOLUTE
    ../clib/signal.c                         0x00000000   Number         0  defsig_rtmem_outer.o ABSOLUTE
    ../clib/signal.c                         0x00000000   Number         0  defsig_abrt_inner.o ABSOLUTE
    ../clib/signal.c                         0x00000000   Number         0  defsig_other.o ABSOLUTE
    ../clib/signal.s                         0x00000000   Number         0  defsig.o ABSOLUTE
    ../clib/stdlib.c                         0x00000000   Number         0  exit.o ABSOLUTE
    ../fplib/fpinit.s                        0x00000000   Number         0  fpinit.o ABSOLUTE
    ..\..\..\..\Libraries\CMSIS\CM3\DeviceSupport\MDR32F9Qx\startup\arm\startup_MDR32F9Qx.s 0x00000000   Number         0  startup_mdr32f9qx.o ABSOLUTE
    ..\..\..\..\Libraries\CMSIS\CM3\DeviceSupport\MDR32F9Qx\startup\arm\system_MDR32F9Qx.c 0x00000000   Number         0  system_mdr32f9qx.o ABSOLUTE
    ..\..\..\..\Libraries\MDR32F9Qx_StdPeriph_Driver\src\MDR32F9Qx_adc.c 0x00000000   Number         0  mdr32f9qx_adc.o ABSOLUTE
    ..\..\..\..\Libraries\MDR32F9Qx_StdPeriph_Driver\src\MDR32F9Qx_bkp.c 0x00000000   Number         0  mdr32f9qx_bkp.o ABSOLUTE
    ..\..\..\..\Libraries\MDR32F9Qx_StdPeriph_Driver\src\MDR32F9Qx_can.c 0x00000000   Number         0  mdr32f9qx_can.o ABSOLUTE
    ..\..\..\..\Libraries\MDR32F9Qx_StdPeriph_Driver\src\MDR32F9Qx_comp.c 0x00000000   Number         0  mdr32f9qx_comp.o ABSOLUTE
    ..\..\..\..\Libraries\MDR32F9Qx_StdPeriph_Driver\src\MDR32F9Qx_dac.c 0x00000000   Number         0  mdr32f9qx_dac.o ABSOLUTE
    ..\..\..\..\Libraries\MDR32F9Qx_StdPeriph_Driver\src\MDR32F9Qx_dma.c 0x00000000   Number         0  mdr32f9qx_dma.o ABSOLUTE
    ..\..\..\..\Libraries\MDR32F9Qx_StdPeriph_Driver\src\MDR32F9Qx_ebc.c 0x00000000   Number         0  mdr32f9qx_ebc.o ABSOLUTE
    ..\..\..\..\Libraries\MDR32F9Qx_StdPeriph_Driver\src\MDR32F9Qx_eeprom.c 0x00000000   Number         0  mdr32f9qx_eeprom.o ABSOLUTE
    ..\..\..\..\Libraries\MDR32F9Qx_StdPeriph_Driver\src\MDR32F9Qx_i2c.c 0x00000000   Number         0  mdr32f9qx_i2c.o ABSOLUTE
    ..\..\..\..\Libraries\MDR32F9Qx_StdPeriph_Driver\src\MDR32F9Qx_iwdg.c 0x00000000   Number         0  mdr32f9qx_iwdg.o ABSOLUTE
    ..\..\..\..\Libraries\MDR32F9Qx_StdPeriph_Driver\src\MDR32F9Qx_port.c 0x00000000   Number         0  mdr32f9qx_port.o ABSOLUTE
    ..\..\..\..\Libraries\MDR32F9Qx_StdPeriph_Driver\src\MDR32F9Qx_power.c 0x00000000   Number         0  mdr32f9qx_power.o ABSOLUTE
    ..\..\..\..\Libraries\MDR32F9Qx_StdPeriph_Driver\src\MDR32F9Qx_rst_clk.c 0x00000000   Number         0  mdr32f9qx_rst_clk.o ABSOLUTE
    ..\..\..\..\Libraries\MDR32F9Qx_StdPeriph_Driver\src\MDR32F9Qx_ssp.c 0x00000000   Number         0  mdr32f9qx_ssp.o ABSOLUTE
    ..\..\..\..\Libraries\MDR32F9Qx_StdPeriph_Driver\src\MDR32F9Qx_timer.c 0x00000000   Number         0  mdr32f9qx_timer.o ABSOLUTE
    ..\..\..\..\Libraries\MDR32F9Qx_StdPeriph_Driver\src\MDR32F9Qx_uart.c 0x00000000   Number         0  mdr32f9qx_uart.o ABSOLUTE
    ..\..\..\..\Libraries\MDR32F9Qx_StdPeriph_Driver\src\MDR32F9Qx_usb.c 0x00000000   Number         0  mdr32f9qx_usb.o ABSOLUTE
    ..\..\..\..\Libraries\MDR32F9Qx_StdPeriph_Driver\src\MDR32F9Qx_wwdg.c 0x00000000   Number         0  mdr32f9qx_wwdg.o ABSOLUTE
    ..\..\fonts\Font_12x16.c                 0x00000000   Number         0  font_12x16.o ABSOLUTE
    ..\..\fonts\Font_6x8.c                   0x00000000   Number         0  font_6x8.o ABSOLUTE
    ..\..\fonts\Font_7x10_bold.c             0x00000000   Number         0  font_7x10_bold.o ABSOLUTE
    ..\..\fonts\Font_7x10_thin.c             0x00000000   Number         0  font_7x10_thin.o ABSOLUTE
    ..\..\src\Main.c                         0x00000000   Number         0  main.o ABSOLUTE
    ..\\..\\..\\..\\Libraries\\CMSIS\\CM3\\DeviceSupport\\MDR32F9Qx\\startup\\arm\\system_MDR32F9Qx.c 0x00000000   Number         0  system_mdr32f9qx.o ABSOLUTE
    ..\\..\\..\\..\\Libraries\\MDR32F9Qx_StdPeriph_Driver\\src\\MDR32F9Qx_adc.c 0x00000000   Number         0  mdr32f9qx_adc.o ABSOLUTE
    ..\\..\\..\\..\\Libraries\\MDR32F9Qx_StdPeriph_Driver\\src\\MDR32F9Qx_bkp.c 0x00000000   Number         0  mdr32f9qx_bkp.o ABSOLUTE
    ..\\..\\..\\..\\Libraries\\MDR32F9Qx_StdPeriph_Driver\\src\\MDR32F9Qx_can.c 0x00000000   Number         0  mdr32f9qx_can.o ABSOLUTE
    ..\\..\\..\\..\\Libraries\\MDR32F9Qx_StdPeriph_Driver\\src\\MDR32F9Qx_comp.c 0x00000000   Number         0  mdr32f9qx_comp.o ABSOLUTE
    ..\\..\\..\\..\\Libraries\\MDR32F9Qx_StdPeriph_Driver\\src\\MDR32F9Qx_dac.c 0x00000000   Number         0  mdr32f9qx_dac.o ABSOLUTE
    ..\\..\\..\\..\\Libraries\\MDR32F9Qx_StdPeriph_Driver\\src\\MDR32F9Qx_dma.c 0x00000000   Number         0  mdr32f9qx_dma.o ABSOLUTE
    ..\\..\\..\\..\\Libraries\\MDR32F9Qx_StdPeriph_Driver\\src\\MDR32F9Qx_ebc.c 0x00000000   Number         0  mdr32f9qx_ebc.o ABSOLUTE
    ..\\..\\..\\..\\Libraries\\MDR32F9Qx_StdPeriph_Driver\\src\\MDR32F9Qx_eeprom.c 0x00000000   Number         0  mdr32f9qx_eeprom.o ABSOLUTE
    ..\\..\\..\\..\\Libraries\\MDR32F9Qx_StdPeriph_Driver\\src\\MDR32F9Qx_i2c.c 0x00000000   Number         0  mdr32f9qx_i2c.o ABSOLUTE
    ..\\..\\..\\..\\Libraries\\MDR32F9Qx_StdPeriph_Driver\\src\\MDR32F9Qx_iwdg.c 0x00000000   Number         0  mdr32f9qx_iwdg.o ABSOLUTE
    ..\\..\\..\\..\\Libraries\\MDR32F9Qx_StdPeriph_Driver\\src\\MDR32F9Qx_port.c 0x00000000   Number         0  mdr32f9qx_port.o ABSOLUTE
    ..\\..\\..\\..\\Libraries\\MDR32F9Qx_StdPeriph_Driver\\src\\MDR32F9Qx_power.c 0x00000000   Number         0  mdr32f9qx_power.o ABSOLUTE
    ..\\..\\..\\..\\Libraries\\MDR32F9Qx_StdPeriph_Driver\\src\\MDR32F9Qx_rst_clk.c 0x00000000   Number         0  mdr32f9qx_rst_clk.o ABSOLUTE
    ..\\..\\..\\..\\Libraries\\MDR32F9Qx_StdPeriph_Driver\\src\\MDR32F9Qx_ssp.c 0x00000000   Number         0  mdr32f9qx_ssp.o ABSOLUTE
    ..\\..\\..\\..\\Libraries\\MDR32F9Qx_StdPeriph_Driver\\src\\MDR32F9Qx_timer.c 0x00000000   Number         0  mdr32f9qx_timer.o ABSOLUTE
    ..\\..\\..\\..\\Libraries\\MDR32F9Qx_StdPeriph_Driver\\src\\MDR32F9Qx_uart.c 0x00000000   Number         0  mdr32f9qx_uart.o ABSOLUTE
    ..\\..\\..\\..\\Libraries\\MDR32F9Qx_StdPeriph_Driver\\src\\MDR32F9Qx_usb.c 0x00000000   Number         0  mdr32f9qx_usb.o ABSOLUTE
    ..\\..\\..\\..\\Libraries\\MDR32F9Qx_StdPeriph_Driver\\src\\MDR32F9Qx_wwdg.c 0x00000000   Number         0  mdr32f9qx_wwdg.o ABSOLUTE
    ..\\..\\src\\Main.c                      0x00000000   Number         0  main.o ABSOLUTE
    dc.s                                     0x00000000   Number         0  dc.o ABSOLUTE
    RESET                                    0x08000000   Section      192  startup_mdr32f9qx.o(RESET)
    !!!main                                  0x080000c0   Section        8  __main.o(!!!main)
    !!!scatter                               0x080000c8   Section       52  __scatter.o(!!!scatter)
    !!handler_copy                           0x080000fc   Section       26  __scatter_copy.o(!!handler_copy)
    !!handler_zi                             0x08000118   Section       28  __scatter_zi.o(!!handler_zi)
    .ARM.Collect$$libinit$$00000000          0x08000134   Section        2  libinit.o(.ARM.Collect$$libinit$$00000000)
    .ARM.Collect$$libinit$$00000002          0x08000136   Section        0  libinit2.o(.ARM.Collect$$libinit$$00000002)
    .ARM.Collect$$libinit$$00000008          0x08000136   Section        0  libinit2.o(.ARM.Collect$$libinit$$00000008)
    .ARM.Collect$$libinit$$0000000A          0x08000136   Section        0  libinit2.o(.ARM.Collect$$libinit$$0000000A)
    .ARM.Collect$$libinit$$0000000C          0x08000136   Section        0  libinit2.o(.ARM.Collect$$libinit$$0000000C)
    .ARM.Collect$$libinit$$0000000F          0x08000136   Section        0  libinit2.o(.ARM.Collect$$libinit$$0000000F)
    .ARM.Collect$$libinit$$00000011          0x08000136   Section        0  libinit2.o(.ARM.Collect$$libinit$$00000011)
    .ARM.Collect$$libinit$$00000013          0x08000136   Section        0  libinit2.o(.ARM.Collect$$libinit$$00000013)
    .ARM.Collect$$libinit$$00000015          0x08000136   Section        0  libinit2.o(.ARM.Collect$$libinit$$00000015)
    .ARM.Collect$$libinit$$00000017          0x08000136   Section        0  libinit2.o(.ARM.Collect$$libinit$$00000017)
    .ARM.Collect$$libinit$$00000019          0x08000136   Section        0  libinit2.o(.ARM.Collect$$libinit$$00000019)
    .ARM.Collect$$libinit$$0000001B          0x08000136   Section        0  libinit2.o(.ARM.Collect$$libinit$$0000001B)
    .ARM.Collect$$libinit$$0000001D          0x08000136   Section        0  libinit2.o(.ARM.Collect$$libinit$$0000001D)
    .ARM.Collect$$libinit$$0000001F          0x08000136   Section        0  libinit2.o(.ARM.Collect$$libinit$$0000001F)
    .ARM.Collect$$libinit$$00000021          0x08000136   Section        0  libinit2.o(.ARM.Collect$$libinit$$00000021)
    .ARM.Collect$$libinit$$00000023          0x08000136   Section        0  libinit2.o(.ARM.Collect$$libinit$$00000023)
    .ARM.Collect$$libinit$$0000002A          0x08000136   Section        0  libinit2.o(.ARM.Collect$$libinit$$0000002A)
    .ARM.Collect$$libinit$$0000002C          0x08000136   Section        0  libinit2.o(.ARM.Collect$$libinit$$0000002C)
    .ARM.Collect$$libinit$$0000002E          0x08000136   Section        0  libinit2.o(.ARM.Collect$$libinit$$0000002E)
    .ARM.Collect$$libinit$$00000030          0x08000136   Section        0  libinit2.o(.ARM.Collect$$libinit$$00000030)
    .ARM.Collect$$libinit$$00000031          0x08000136   Section        2  libinit2.o(.ARM.Collect$$libinit$$00000031)
    .ARM.Collect$$libshutdown$$00000000      0x08000138   Section        2  libshutdown.o(.ARM.Collect$$libshutdown$$00000000)
    .ARM.Collect$$libshutdown$$00000003      0x0800013a   Section        0  libshutdown2.o(.ARM.Collect$$libshutdown$$00000003)
    .ARM.Collect$$libshutdown$$00000006      0x0800013a   Section        0  libshutdown2.o(.ARM.Collect$$libshutdown$$00000006)
    .ARM.Collect$$libshutdown$$00000009      0x0800013a   Section        0  libshutdown2.o(.ARM.Collect$$libshutdown$$00000009)
    .ARM.Collect$$libshutdown$$0000000B      0x0800013a   Section        0  libshutdown2.o(.ARM.Collect$$libshutdown$$0000000B)
    .ARM.Collect$$libshutdown$$0000000E      0x0800013a   Section        0  libshutdown2.o(.ARM.Collect$$libshutdown$$0000000E)
    .ARM.Collect$$libshutdown$$0000000F      0x0800013a   Section        2  libshutdown2.o(.ARM.Collect$$libshutdown$$0000000F)
    .ARM.Collect$$rtentry$$00000000          0x0800013c   Section        0  rtentry.o(.ARM.Collect$$rtentry$$00000000)
    .ARM.Collect$$rtentry$$00000002          0x0800013c   Section        0  rtentry2.o(.ARM.Collect$$rtentry$$00000002)
    .ARM.Collect$$rtentry$$00000004          0x0800013c   Section        6  rtentry4.o(.ARM.Collect$$rtentry$$00000004)
    .ARM.Collect$$rtentry$$00000009          0x08000142   Section        0  rtentry2.o(.ARM.Collect$$rtentry$$00000009)
    .ARM.Collect$$rtentry$$0000000A          0x08000142   Section        4  rtentry2.o(.ARM.Collect$$rtentry$$0000000A)
    .ARM.Collect$$rtentry$$0000000C          0x08000146   Section        0  rtentry2.o(.ARM.Collect$$rtentry$$0000000C)
    .ARM.Collect$$rtentry$$0000000D          0x08000146   Section        8  rtentry2.o(.ARM.Collect$$rtentry$$0000000D)
    .ARM.Collect$$rtexit$$00000000           0x0800014e   Section        2  rtexit.o(.ARM.Collect$$rtexit$$00000000)
    .ARM.Collect$$rtexit$$00000002           0x08000150   Section        0  rtexit2.o(.ARM.Collect$$rtexit$$00000002)
    .ARM.Collect$$rtexit$$00000003           0x08000150   Section        4  rtexit2.o(.ARM.Collect$$rtexit$$00000003)
    .ARM.Collect$$rtexit$$00000004           0x08000154   Section        6  rtexit2.o(.ARM.Collect$$rtexit$$00000004)
    .text                                    0x0800015c   Section        0  mdr32f9qx_port.o(.text)
    .text                                    0x080003d0   Section        0  mdr32f9qx_rst_clk.o(.text)
    .text                                    0x08000a0c   Section       64  startup_mdr32f9qx.o(.text)
    .text                                    0x08000a4c   Section        0  system_mdr32f9qx.o(.text)
    .text                                    0x08000b14   Section        0  main.o(.text)
    .text                                    0x08000bf8   Section        0  heapauxi.o(.text)
    .text                                    0x08000bfe   Section       74  sys_stackheap_outer.o(.text)
    .text                                    0x08000c48   Section        0  exit.o(.text)
    .text                                    0x08000c54   Section        8  libspace.o(.text)
    .text                                    0x08000c5c   Section        0  sys_exit.o(.text)
    .text                                    0x08000c68   Section        2  use_no_semi.o(.text)
    .text                                    0x08000c6a   Section        0  indicate_semi.o(.text)
    .data                                    0x20000000   Section        4  system_mdr32f9qx.o(.data)
    .bss                                     0x20000004   Section      108  main.o(.bss)
    .bss                                     0x20000070   Section       96  libspace.o(.bss)
    HEAP                                     0x200000d0   Section      512  startup_mdr32f9qx.o(HEAP)
    Heap_Mem                                 0x200000d0   Data         512  startup_mdr32f9qx.o(HEAP)
    STACK                                    0x200002d0   Section     1024  startup_mdr32f9qx.o(STACK)
    Stack_Mem                                0x200002d0   Data        1024  startup_mdr32f9qx.o(STACK)
    __initial_sp                             0x200006d0   Data           0  startup_mdr32f9qx.o(STACK)

    Global Symbols

    Symbol Name                              Value     Ov Type        Size  Object(Section)

    BuildAttributes$$THM_ISAv4$P$D$K$B$S$PE$A:L22UL41UL21$X:L11$S22US41US21$IEEE1$IW$USESV6$~STKCKD$USESV7$~SHL$OSPACE$ROPI$EBA8$UX$STANDARDLIB$REQ8$PRES8$EABIv2 0x00000000   Number         0  anon$$obj.o ABSOLUTE
    __ARM_use_no_argv                        0x00000000   Number         0  main.o ABSOLUTE
    __ARM_exceptions_init                     - Undefined Weak Reference
    __alloca_initialize                       - Undefined Weak Reference
    __cpp_initialize__aeabi_                  - Undefined Weak Reference
    __cxa_finalize                            - Undefined Weak Reference
    __rt_locale                               - Undefined Weak Reference
    __sigvec_lookup                           - Undefined Weak Reference
    _atexit_init                              - Undefined Weak Reference
    _call_atexit_fns                          - Undefined Weak Reference
    _clock_init                               - Undefined Weak Reference
    _fp_trap_init                             - Undefined Weak Reference
    _fp_trap_shutdown                         - Undefined Weak Reference
    _get_lc_collate                           - Undefined Weak Reference
    _get_lc_ctype                             - Undefined Weak Reference
    _get_lc_monetary                          - Undefined Weak Reference
    _get_lc_numeric                           - Undefined Weak Reference
    _get_lc_time                              - Undefined Weak Reference
    _getenv_init                              - Undefined Weak Reference
    _handle_redirection                       - Undefined Weak Reference
    _init_alloc                               - Undefined Weak Reference
    _init_user_alloc                          - Undefined Weak Reference
    _initio                                   - Undefined Weak Reference
    _rand_init                                - Undefined Weak Reference
    _signal_finish                            - Undefined Weak Reference
    _signal_init                              - Undefined Weak Reference
    _terminate_alloc                          - Undefined Weak Reference
    _terminate_user_alloc                     - Undefined Weak Reference
    _terminateio                              - Undefined Weak Reference
    __Vectors_Size                           0x000000c0   Number         0  startup_mdr32f9qx.o ABSOLUTE
    __Vectors                                0x08000000   Data           4  startup_mdr32f9qx.o(RESET)
    __Vectors_End                            0x080000c0   Data           0  startup_mdr32f9qx.o(RESET)
    __main                                   0x080000c1   Thumb Code     8  __main.o(!!!main)
    __scatterload                            0x080000c9   Thumb Code     0  __scatter.o(!!!scatter)
    __scatterload_rt2                        0x080000c9   Thumb Code    44  __scatter.o(!!!scatter)
    __scatterload_rt2_thumb_only             0x080000c9   Thumb Code     0  __scatter.o(!!!scatter)
    __scatterload_null                       0x080000d7   Thumb Code     0  __scatter.o(!!!scatter)
    __scatterload_copy                       0x080000fd   Thumb Code    26  __scatter_copy.o(!!handler_copy)
    __scatterload_zeroinit                   0x08000119   Thumb Code    28  __scatter_zi.o(!!handler_zi)
    __rt_lib_init                            0x08000135   Thumb Code     0  libinit.o(.ARM.Collect$$libinit$$00000000)
    __rt_lib_init_alloca_1                   0x08000137   Thumb Code     0  libinit2.o(.ARM.Collect$$libinit$$0000002C)
    __rt_lib_init_argv_1                     0x08000137   Thumb Code     0  libinit2.o(.ARM.Collect$$libinit$$0000002A)
    __rt_lib_init_atexit_1                   0x08000137   Thumb Code     0  libinit2.o(.ARM.Collect$$libinit$$00000019)
    __rt_lib_init_clock_1                    0x08000137   Thumb Code     0  libinit2.o(.ARM.Collect$$libinit$$0000001F)
    __rt_lib_init_cpp_1                      0x08000137   Thumb Code     0  libinit2.o(.ARM.Collect$$libinit$$00000030)
    __rt_lib_init_exceptions_1               0x08000137   Thumb Code     0  libinit2.o(.ARM.Collect$$libinit$$0000002E)
    __rt_lib_init_fp_1                       0x08000137   Thumb Code     0  libinit2.o(.ARM.Collect$$libinit$$00000002)
    __rt_lib_init_fp_trap_1                  0x08000137   Thumb Code     0  libinit2.o(.ARM.Collect$$libinit$$0000001D)
    __rt_lib_init_getenv_1                   0x08000137   Thumb Code     0  libinit2.o(.ARM.Collect$$libinit$$00000021)
    __rt_lib_init_heap_1                     0x08000137   Thumb Code     0  libinit2.o(.ARM.Collect$$libinit$$00000008)
    __rt_lib_init_lc_collate_1               0x08000137   Thumb Code     0  libinit2.o(.ARM.Collect$$libinit$$0000000F)
    __rt_lib_init_lc_ctype_1                 0x08000137   Thumb Code     0  libinit2.o(.ARM.Collect$$libinit$$00000011)
    __rt_lib_init_lc_monetary_1              0x08000137   Thumb Code     0  libinit2.o(.ARM.Collect$$libinit$$00000013)
    __rt_lib_init_lc_numeric_1               0x08000137   Thumb Code     0  libinit2.o(.ARM.Collect$$libinit$$00000015)
    __rt_lib_init_lc_time_1                  0x08000137   Thumb Code     0  libinit2.o(.ARM.Collect$$libinit$$00000017)
    __rt_lib_init_rand_1                     0x08000137   Thumb Code     0  libinit2.o(.ARM.Collect$$libinit$$0000000C)
    __rt_lib_init_return                     0x08000137   Thumb Code     0  libinit2.o(.ARM.Collect$$libinit$$00000031)
    __rt_lib_init_signal_1                   0x08000137   Thumb Code     0  libinit2.o(.ARM.Collect$$libinit$$0000001B)
    __rt_lib_init_stdio_1                    0x08000137   Thumb Code     0  libinit2.o(.ARM.Collect$$libinit$$00000023)
    __rt_lib_init_user_alloc_1               0x08000137   Thumb Code     0  libinit2.o(.ARM.Collect$$libinit$$0000000A)
    __rt_lib_shutdown                        0x08000139   Thumb Code     0  libshutdown.o(.ARM.Collect$$libshutdown$$00000000)
    __rt_lib_shutdown_fp_trap_1              0x0800013b   Thumb Code     0  libshutdown2.o(.ARM.Collect$$libshutdown$$00000006)
    __rt_lib_shutdown_heap_1                 0x0800013b   Thumb Code     0  libshutdown2.o(.ARM.Collect$$libshutdown$$0000000E)
    __rt_lib_shutdown_return                 0x0800013b   Thumb Code     0  libshutdown2.o(.ARM.Collect$$libshutdown$$0000000F)
    __rt_lib_shutdown_signal_1               0x0800013b   Thumb Code     0  libshutdown2.o(.ARM.Collect$$libshutdown$$00000009)
    __rt_lib_shutdown_stdio_1                0x0800013b   Thumb Code     0  libshutdown2.o(.ARM.Collect$$libshutdown$$00000003)
    __rt_lib_shutdown_user_alloc_1           0x0800013b   Thumb Code     0  libshutdown2.o(.ARM.Collect$$libshutdown$$0000000B)
    __rt_entry                               0x0800013d   Thumb Code     0  rtentry.o(.ARM.Collect$$rtentry$$00000000)
    __rt_entry_presh_1                       0x0800013d   Thumb Code     0  rtentry2.o(.ARM.Collect$$rtentry$$00000002)
    __rt_entry_sh                            0x0800013d   Thumb Code     0  rtentry4.o(.ARM.Collect$$rtentry$$00000004)
    __rt_entry_li                            0x08000143   Thumb Code     0  rtentry2.o(.ARM.Collect$$rtentry$$0000000A)
    __rt_entry_postsh_1                      0x08000143   Thumb Code     0  rtentry2.o(.ARM.Collect$$rtentry$$00000009)
    __rt_entry_main                          0x08000147   Thumb Code     0  rtentry2.o(.ARM.Collect$$rtentry$$0000000D)
    __rt_entry_postli_1                      0x08000147   Thumb Code     0  rtentry2.o(.ARM.Collect$$rtentry$$0000000C)
    __rt_exit                                0x0800014f   Thumb Code     0  rtexit.o(.ARM.Collect$$rtexit$$00000000)
    __rt_exit_ls                             0x08000151   Thumb Code     0  rtexit2.o(.ARM.Collect$$rtexit$$00000003)
    __rt_exit_prels_1                        0x08000151   Thumb Code     0  rtexit2.o(.ARM.Collect$$rtexit$$00000002)
    __rt_exit_exit                           0x08000155   Thumb Code     0  rtexit2.o(.ARM.Collect$$rtexit$$00000004)
    PORT_DeInit                              0x0800015d   Thumb Code    20  mdr32f9qx_port.o(.text)
    PORT_Init                                0x08000171   Thumb Code   450  mdr32f9qx_port.o(.text)
    PORT_StructInit                          0x08000333   Thumb Code    28  mdr32f9qx_port.o(.text)
    PORT_ReadInputDataBit                    0x0800034f   Thumb Code    16  mdr32f9qx_port.o(.text)
    PORT_ReadInputData                       0x0800035f   Thumb Code     6  mdr32f9qx_port.o(.text)
    PORT_SetBits                             0x08000365   Thumb Code    22  mdr32f9qx_port.o(.text)
    PORT_ResetBits                           0x0800037b   Thumb Code    22  mdr32f9qx_port.o(.text)
    PORT_WriteBit                            0x08000391   Thumb Code    40  mdr32f9qx_port.o(.text)
    PORT_Write                               0x080003b9   Thumb Code    20  mdr32f9qx_port.o(.text)
    RST_CLK_PCLKcmd                          0x080003d1   Thumb Code    26  mdr32f9qx_rst_clk.o(.text)
    RST_CLK_CPUclkSelection                  0x080003eb   Thumb Code    16  mdr32f9qx_rst_clk.o(.text)
    RST_CLK_GetFlagStatus                    0x080003fb   Thumb Code    42  mdr32f9qx_rst_clk.o(.text)
    RST_CLK_HSIstatus                        0x08000425   Thumb Code    52  mdr32f9qx_rst_clk.o(.text)
    RST_CLK_HSIcmd                           0x08000459   Thumb Code     6  mdr32f9qx_rst_clk.o(.text)
    RST_CLK_WarmDeInit                       0x0800045f   Thumb Code    74  mdr32f9qx_rst_clk.o(.text)
    RST_CLK_DeInit                           0x080004a9   Thumb Code    38  mdr32f9qx_rst_clk.o(.text)
    RST_CLK_HSEconfig                        0x080004cf   Thumb Code    56  mdr32f9qx_rst_clk.o(.text)
    RST_CLK_HSEstatus                        0x08000507   Thumb Code    52  mdr32f9qx_rst_clk.o(.text)
    RST_CLK_LSEconfig                        0x0800053b   Thumb Code    56  mdr32f9qx_rst_clk.o(.text)
    RST_CLK_LSEstatus                        0x08000573   Thumb Code    52  mdr32f9qx_rst_clk.o(.text)
    RST_CLK_HSIadjust                        0x080005a7   Thumb Code    18  mdr32f9qx_rst_clk.o(.text)
    RST_CLK_LSIcmd                           0x080005b9   Thumb Code     8  mdr32f9qx_rst_clk.o(.text)
    RST_CLK_LSIadjust                        0x080005c1   Thumb Code    18  mdr32f9qx_rst_clk.o(.text)
    RST_CLK_LSIstatus                        0x080005d3   Thumb Code    52  mdr32f9qx_rst_clk.o(.text)
    RST_CLK_CPU_PLLconfig                    0x08000607   Thumb Code    54  mdr32f9qx_rst_clk.o(.text)
    RST_CLK_CPU_PLLuse                       0x0800063d   Thumb Code     6  mdr32f9qx_rst_clk.o(.text)
    RST_CLK_CPU_PLLcmd                       0x08000643   Thumb Code     6  mdr32f9qx_rst_clk.o(.text)
    RST_CLK_CPU_PLLstatus                    0x08000649   Thumb Code    52  mdr32f9qx_rst_clk.o(.text)
    RST_CLK_CPUclkPrescaler                  0x0800067d   Thumb Code    18  mdr32f9qx_rst_clk.o(.text)
    RST_CLK_USB_PLLconfig                    0x0800068f   Thumb Code    56  mdr32f9qx_rst_clk.o(.text)
    RST_CLK_USB_PLLuse                       0x080006c7   Thumb Code     8  mdr32f9qx_rst_clk.o(.text)
    RST_CLK_USB_PLLcmd                       0x080006cf   Thumb Code     8  mdr32f9qx_rst_clk.o(.text)
    RST_CLK_USB_PLLstatus                    0x080006d7   Thumb Code    52  mdr32f9qx_rst_clk.o(.text)
    RST_CLK_USBclkPrescaler                  0x0800070b   Thumb Code     8  mdr32f9qx_rst_clk.o(.text)
    RST_CLK_USBclkEnable                     0x08000713   Thumb Code     8  mdr32f9qx_rst_clk.o(.text)
    RST_CLK_ADCclkSelection                  0x0800071b   Thumb Code    16  mdr32f9qx_rst_clk.o(.text)
    RST_CLK_ADCclkPrescaler                  0x0800072b   Thumb Code    18  mdr32f9qx_rst_clk.o(.text)
    RST_CLK_ADCclkEnable                     0x0800073d   Thumb Code     6  mdr32f9qx_rst_clk.o(.text)
    RST_CLK_HSIclkPrescaler                  0x08000743   Thumb Code    18  mdr32f9qx_rst_clk.o(.text)
    RST_CLK_RTC_HSIclkEnable                 0x08000755   Thumb Code     8  mdr32f9qx_rst_clk.o(.text)
    RST_CLK_HSEclkPrescaler                  0x0800075d   Thumb Code    16  mdr32f9qx_rst_clk.o(.text)
    RST_CLK_RTC_HSEclkEnable                 0x0800076d   Thumb Code     8  mdr32f9qx_rst_clk.o(.text)
    RST_CLK_GetClocksFreq                    0x08000775   Thumb Code   654  mdr32f9qx_rst_clk.o(.text)
    Reset_Handler                            0x08000a0d   Thumb Code     8  startup_mdr32f9qx.o(.text)
    NMI_Handler                              0x08000a15   Thumb Code     2  startup_mdr32f9qx.o(.text)
    HardFault_Handler                        0x08000a17   Thumb Code     2  startup_mdr32f9qx.o(.text)
    MemManage_Handler                        0x08000a19   Thumb Code     2  startup_mdr32f9qx.o(.text)
    BusFault_Handler                         0x08000a1b   Thumb Code     2  startup_mdr32f9qx.o(.text)
    UsageFault_Handler                       0x08000a1d   Thumb Code     2  startup_mdr32f9qx.o(.text)
    SVC_Handler                              0x08000a1f   Thumb Code     2  startup_mdr32f9qx.o(.text)
    DebugMon_Handler                         0x08000a21   Thumb Code     2  startup_mdr32f9qx.o(.text)
    PendSV_Handler                           0x08000a23   Thumb Code     2  startup_mdr32f9qx.o(.text)
    SysTick_Handler                          0x08000a25   Thumb Code     2  startup_mdr32f9qx.o(.text)
    ADC_IRQHandler                           0x08000a27   Thumb Code     0  startup_mdr32f9qx.o(.text)
    BACKUP_IRQHandler                        0x08000a27   Thumb Code     0  startup_mdr32f9qx.o(.text)
    CAN1_IRQHandler                          0x08000a27   Thumb Code     0  startup_mdr32f9qx.o(.text)
    CAN2_IRQHandler                          0x08000a27   Thumb Code     0  startup_mdr32f9qx.o(.text)
    COMPARATOR_IRQHandler                    0x08000a27   Thumb Code     0  startup_mdr32f9qx.o(.text)
    DMA_IRQHandler                           0x08000a27   Thumb Code     0  startup_mdr32f9qx.o(.text)
    EXT_INT1_IRQHandler                      0x08000a27   Thumb Code     0  startup_mdr32f9qx.o(.text)
    EXT_INT2_IRQHandler                      0x08000a27   Thumb Code     0  startup_mdr32f9qx.o(.text)
    EXT_INT3_IRQHandler                      0x08000a27   Thumb Code     0  startup_mdr32f9qx.o(.text)
    EXT_INT4_IRQHandler                      0x08000a27   Thumb Code     0  startup_mdr32f9qx.o(.text)
    I2C_IRQHandler                           0x08000a27   Thumb Code     0  startup_mdr32f9qx.o(.text)
    POWER_IRQHandler                         0x08000a27   Thumb Code     0  startup_mdr32f9qx.o(.text)
    SSP1_IRQHandler                          0x08000a27   Thumb Code     0  startup_mdr32f9qx.o(.text)
    SSP2_IRQHandler                          0x08000a27   Thumb Code     0  startup_mdr32f9qx.o(.text)
    Timer1_IRQHandler                        0x08000a27   Thumb Code     0  startup_mdr32f9qx.o(.text)
    Timer2_IRQHandler                        0x08000a27   Thumb Code     0  startup_mdr32f9qx.o(.text)
    Timer3_IRQHandler                        0x08000a27   Thumb Code     0  startup_mdr32f9qx.o(.text)
    UART1_IRQHandler                         0x08000a27   Thumb Code     0  startup_mdr32f9qx.o(.text)
    UART2_IRQHandler                         0x08000a27   Thumb Code     0  startup_mdr32f9qx.o(.text)
    USB_IRQHandler                           0x08000a27   Thumb Code     0  startup_mdr32f9qx.o(.text)
    WWDG_IRQHandler                          0x08000a27   Thumb Code     0  startup_mdr32f9qx.o(.text)
    __user_initial_stackheap                 0x08000a29   Thumb Code     0  startup_mdr32f9qx.o(.text)
    SystemCoreClockUpdate                    0x08000a4d   Thumb Code   130  system_mdr32f9qx.o(.text)
    SystemInit                               0x08000acf   Thumb Code    54  system_mdr32f9qx.o(.text)
    Init_All_Ports                           0x08000b15   Thumb Code    74  main.o(.text)
    main                                     0x08000b5f   Thumb Code   120  main.o(.text)
    __use_two_region_memory                  0x08000bf9   Thumb Code     2  heapauxi.o(.text)
    __rt_heap_escrow$2region                 0x08000bfb   Thumb Code     2  heapauxi.o(.text)
    __rt_heap_expand$2region                 0x08000bfd   Thumb Code     2  heapauxi.o(.text)
    __user_setup_stackheap                   0x08000bff   Thumb Code    74  sys_stackheap_outer.o(.text)
    exit                                     0x08000c49   Thumb Code    12  exit.o(.text)
    __user_libspace                          0x08000c55   Thumb Code     8  libspace.o(.text)
    __user_perproc_libspace                  0x08000c55   Thumb Code     0  libspace.o(.text)
    __user_perthread_libspace                0x08000c55   Thumb Code     0  libspace.o(.text)
    _sys_exit                                0x08000c5d   Thumb Code     8  sys_exit.o(.text)
    __I$use$semihosting                      0x08000c69   Thumb Code     0  use_no_semi.o(.text)
    __use_no_semihosting_swi                 0x08000c69   Thumb Code     2  use_no_semi.o(.text)
    __semihosting_library_function           0x08000c6b   Thumb Code     0  indicate_semi.o(.text)
    Region$$Table$$Base                      0x08000c6c   Number         0  anon$$obj.o(Region$$Table)
    Region$$Table$$Limit                     0x08000c8c   Number         0  anon$$obj.o(Region$$Table)
    SystemCoreClock                          0x20000000   Data           4  system_mdr32f9qx.o(.data)
    DMA_InitStr                              0x20000004   Data          16  main.o(.bss)
    DMA_PriCtrlStr                           0x20000014   Data          40  main.o(.bss)
    DMA_AltCtrlStr                           0x2000003c   Data          40  main.o(.bss)
    PORT_InitStructure                       0x20000064   Data          12  main.o(.bss)
    __libspace_start                         0x20000070   Data          96  libspace.o(.bss)
    __temporary_stack_top$libspace           0x200000d0   Data           0  libspace.o(.bss)



==============================================================================

Memory Map of the image

  Image Entry point : 0x080000c1

  Load Region LR_IROM1 (Base: 0x08000000, Size: 0x00000c90, Max: 0x00020000, ABSOLUTE)

    Execution Region ER_IROM1 (Base: 0x08000000, Size: 0x00000c8c, Max: 0x00020000, ABSOLUTE)

    Base Addr    Size         Type   Attr      Idx    E Section Name        Object

    0x08000000   0x000000c0   Data   RO          517    RESET               startup_mdr32f9qx.o
    0x080000c0   0x00000008   Code   RO          576  * !!!main             c_w.l(__main.o)
    0x080000c8   0x00000034   Code   RO          730    !!!scatter          c_w.l(__scatter.o)
    0x080000fc   0x0000001a   Code   RO          732    !!handler_copy      c_w.l(__scatter_copy.o)
    0x08000116   0x00000002   PAD
    0x08000118   0x0000001c   Code   RO          734    !!handler_zi        c_w.l(__scatter_zi.o)
    0x08000134   0x00000002   Code   RO          603    .ARM.Collect$$libinit$$00000000  c_w.l(libinit.o)
    0x08000136   0x00000000   Code   RO          610    .ARM.Collect$$libinit$$00000002  c_w.l(libinit2.o)
    0x08000136   0x00000000   Code   RO          613    .ARM.Collect$$libinit$$00000008  c_w.l(libinit2.o)
    0x08000136   0x00000000   Code   RO          615    .ARM.Collect$$libinit$$0000000A  c_w.l(libinit2.o)
    0x08000136   0x00000000   Code   RO          617    .ARM.Collect$$libinit$$0000000C  c_w.l(libinit2.o)
    0x08000136   0x00000000   Code   RO          620    .ARM.Collect$$libinit$$0000000F  c_w.l(libinit2.o)
    0x08000136   0x00000000   Code   RO          622    .ARM.Collect$$libinit$$00000011  c_w.l(libinit2.o)
    0x08000136   0x00000000   Code   RO          624    .ARM.Collect$$libinit$$00000013  c_w.l(libinit2.o)
    0x08000136   0x00000000   Code   RO          626    .ARM.Collect$$libinit$$00000015  c_w.l(libinit2.o)
    0x08000136   0x00000000   Code   RO          628    .ARM.Collect$$libinit$$00000017  c_w.l(libinit2.o)
    0x08000136   0x00000000   Code   RO          630    .ARM.Collect$$libinit$$00000019  c_w.l(libinit2.o)
    0x08000136   0x00000000   Code   RO          632    .ARM.Collect$$libinit$$0000001B  c_w.l(libinit2.o)
    0x08000136   0x00000000   Code   RO          634    .ARM.Collect$$libinit$$0000001D  c_w.l(libinit2.o)
    0x08000136   0x00000000   Code   RO          636    .ARM.Collect$$libinit$$0000001F  c_w.l(libinit2.o)
    0x08000136   0x00000000   Code   RO          638    .ARM.Collect$$libinit$$00000021  c_w.l(libinit2.o)
    0x08000136   0x00000000   Code   RO          640    .ARM.Collect$$libinit$$00000023  c_w.l(libinit2.o)
    0x08000136   0x00000000   Code   RO          644    .ARM.Collect$$libinit$$0000002A  c_w.l(libinit2.o)
    0x08000136   0x00000000   Code   RO          646    .ARM.Collect$$libinit$$0000002C  c_w.l(libinit2.o)
    0x08000136   0x00000000   Code   RO          648    .ARM.Collect$$libinit$$0000002E  c_w.l(libinit2.o)
    0x08000136   0x00000000   Code   RO          650    .ARM.Collect$$libinit$$00000030  c_w.l(libinit2.o)
    0x08000136   0x00000002   Code   RO          651    .ARM.Collect$$libinit$$00000031  c_w.l(libinit2.o)
    0x08000138   0x00000002   Code   RO          671    .ARM.Collect$$libshutdown$$00000000  c_w.l(libshutdown.o)
    0x0800013a   0x00000000   Code   RO          685    .ARM.Collect$$libshutdown$$00000003  c_w.l(libshutdown2.o)
    0x0800013a   0x00000000   Code   RO          688    .ARM.Collect$$libshutdown$$00000006  c_w.l(libshutdown2.o)
    0x0800013a   0x00000000   Code   RO          691    .ARM.Collect$$libshutdown$$00000009  c_w.l(libshutdown2.o)
    0x0800013a   0x00000000   Code   RO          693    .ARM.Collect$$libshutdown$$0000000B  c_w.l(libshutdown2.o)
    0x0800013a   0x00000000   Code   RO          696    .ARM.Collect$$libshutdown$$0000000E  c_w.l(libshutdown2.o)
    0x0800013a   0x00000002   Code   RO          697    .ARM.Collect$$libshutdown$$0000000F  c_w.l(libshutdown2.o)
    0x0800013c   0x00000000   Code   RO          578    .ARM.Collect$$rtentry$$00000000  c_w.l(rtentry.o)
    0x0800013c   0x00000000   Code   RO          580    .ARM.Collect$$rtentry$$00000002  c_w.l(rtentry2.o)
    0x0800013c   0x00000006   Code   RO          592    .ARM.Collect$$rtentry$$00000004  c_w.l(rtentry4.o)
    0x08000142   0x00000000   Code   RO          582    .ARM.Collect$$rtentry$$00000009  c_w.l(rtentry2.o)
    0x08000142   0x00000004   Code   RO          583    .ARM.Collect$$rtentry$$0000000A  c_w.l(rtentry2.o)
    0x08000146   0x00000000   Code   RO          585    .ARM.Collect$$rtentry$$0000000C  c_w.l(rtentry2.o)
    0x08000146   0x00000008   Code   RO          586    .ARM.Collect$$rtentry$$0000000D  c_w.l(rtentry2.o)
    0x0800014e   0x00000002   Code   RO          607    .ARM.Collect$$rtexit$$00000000  c_w.l(rtexit.o)
    0x08000150   0x00000000   Code   RO          653    .ARM.Collect$$rtexit$$00000002  c_w.l(rtexit2.o)
    0x08000150   0x00000004   Code   RO          654    .ARM.Collect$$rtexit$$00000003  c_w.l(rtexit2.o)
    0x08000154   0x00000006   Code   RO          655    .ARM.Collect$$rtexit$$00000004  c_w.l(rtexit2.o)
    0x0800015a   0x00000002   PAD
    0x0800015c   0x00000274   Code   RO          277    .text               mdr32f9qx_port.o
    0x080003d0   0x0000063c   Code   RO          323    .text               mdr32f9qx_rst_clk.o
    0x08000a0c   0x00000040   Code   RO          518    .text               startup_mdr32f9qx.o
    0x08000a4c   0x000000c8   Code   RO          524    .text               system_mdr32f9qx.o
    0x08000b14   0x000000e4   Code   RO          550    .text               main.o
    0x08000bf8   0x00000006   Code   RO          574    .text               c_w.l(heapauxi.o)
    0x08000bfe   0x0000004a   Code   RO          594    .text               c_w.l(sys_stackheap_outer.o)
    0x08000c48   0x0000000c   Code   RO          596    .text               c_w.l(exit.o)
    0x08000c54   0x00000008   Code   RO          604    .text               c_w.l(libspace.o)
    0x08000c5c   0x0000000c   Code   RO          663    .text               c_w.l(sys_exit.o)
    0x08000c68   0x00000002   Code   RO          674    .text               c_w.l(use_no_semi.o)
    0x08000c6a   0x00000000   Code   RO          676    .text               c_w.l(indicate_semi.o)
    0x08000c6a   0x00000002   PAD
    0x08000c6c   0x00000020   Data   RO          728    Region$$Table       anon$$obj.o


    Execution Region RW_IRAM1 (Base: 0x20000000, Size: 0x000006d0, Max: 0x00008000, ABSOLUTE)

    Base Addr    Size         Type   Attr      Idx    E Section Name        Object

    0x20000000   0x00000004   Data   RW          525    .data               system_mdr32f9qx.o
    0x20000004   0x0000006c   Zero   RW          551    .bss                main.o
    0x20000070   0x00000060   Zero   RW          605    .bss                c_w.l(libspace.o)
    0x200000d0   0x00000200   Zero   RW          516    HEAP                startup_mdr32f9qx.o
    0x200002d0   0x00000400   Zero   RW          515    STACK               startup_mdr32f9qx.o


==============================================================================

Image component sizes


      Code (inc. data)   RO Data    RW Data    ZI Data      Debug   Object Name

       228         34          0          0        108       1805   main.o
         0          0          0          0          0      49816   mdr32f9qx_adc.o
         0          0          0          0          0      11204   mdr32f9qx_bkp.o
         0          0          0          0          0       7100   mdr32f9qx_dma.o
       628          4          0          0          0       6954   mdr32f9qx_port.o
      1596         42          0          0          0      10610   mdr32f9qx_rst_clk.o
        64         26        192          0       1536        928   startup_mdr32f9qx.o
       200         16          0          4          0       1221   system_mdr32f9qx.o

    ----------------------------------------------------------------------
      2716        122        224          4       1644      89638   Object Totals
         0          0         32          0          0          0   (incl. Generated)
         0          0          0          0          0          0   (incl. Padding)

    ----------------------------------------------------------------------

      Code (inc. data)   RO Data    RW Data    ZI Data      Debug   Library Member Name

         8          0          0          0          0         68   __main.o
        52          8          0          0          0          0   __scatter.o
        26          0          0          0          0          0   __scatter_copy.o
        28          0          0          0          0          0   __scatter_zi.o
        12          0          0          0          0         72   exit.o
         6          0          0          0          0        152   heapauxi.o
         0          0          0          0          0          0   indicate_semi.o
         2          0          0          0          0          0   libinit.o
         2          0          0          0          0          0   libinit2.o
         2          0          0          0          0          0   libshutdown.o
         2          0          0          0          0          0   libshutdown2.o
         8          4          0          0         96         68   libspace.o
         0          0          0          0          0          0   rtentry.o
        12          0          0          0          0          0   rtentry2.o
         6          0          0          0          0          0   rtentry4.o
         2          0          0          0          0          0   rtexit.o
        10          0          0          0          0          0   rtexit2.o
        12          4          0          0          0         68   sys_exit.o
        74          0          0          0          0         80   sys_stackheap_outer.o
         2          0          0          0          0         68   use_no_semi.o

    ----------------------------------------------------------------------
       272         16          0          0         96        576   Library Totals
         6          0          0          0          0          0   (incl. Padding)

    ----------------------------------------------------------------------

      Code (inc. data)   RO Data    RW Data    ZI Data      Debug   Library Name

       266         16          0          0         96        576   c_w.l

    ----------------------------------------------------------------------
       272         16          0          0         96        576   Library Totals

    ----------------------------------------------------------------------

==============================================================================


      Code (inc. data)   RO Data    RW Data    ZI Data      Debug   

      2988        138        224          4       1740      89794   Grand Totals
      2988        138        224          4       1740      89794   ELF Image Totals
      2988        138        224          4          0          0   ROM Totals

==============================================================================

    Total RO  Size (Code + RO Data)                 3212 (   3.14kB)
    Total RW  Size (RW Data + ZI Data)              1744 (   1.70kB)
    Total ROM Size (Code + RO Data + RW Data)       3216 (   3.14kB)

==============================================================================

