<html>
<body>
<pre>
<h1>µVision Build Log</h1>
<h2>Project:</h2>
C:\WORK\Milandr.MDR1986BExx.1.4.0\Example_Projects\MDR1986VE91_Eval\Demo\ARM\MDR32F9Qx_Demo.uvproj
Project File Date:  05/19/2015

<h2>Output:</h2>
Rebuild target 'Milandr MDR32F9Qx'
creating preprocessor file for MDR32F9Qx_adc.c...
compiling MDR32F9Qx_adc.c...
creating preprocessor file for MDR32F9Qx_bkp.c...
compiling MDR32F9Qx_bkp.c...
creating preprocessor file for MDR32F9Qx_can.c...
compiling MDR32F9Qx_can.c...
creating preprocessor file for MDR32F9Qx_comp.c...
compiling MDR32F9Qx_comp.c...
creating preprocessor file for MDR32F9Qx_dac.c...
compiling MDR32F9Qx_dac.c...
creating preprocessor file for MDR32F9Qx_dma.c...
compiling MDR32F9Qx_dma.c...
creating preprocessor file for MDR32F9Qx_ebc.c...
compiling MDR32F9Qx_ebc.c...
creating preprocessor file for MDR32F9Qx_eeprom.c...
compiling MDR32F9Qx_eeprom.c...
creating preprocessor file for MDR32F9Qx_i2c.c...
compiling MDR32F9Qx_i2c.c...
creating preprocessor file for MDR32F9Qx_iwdg.c...
compiling MDR32F9Qx_iwdg.c...
creating preprocessor file for MDR32F9Qx_port.c...
compiling MDR32F9Qx_port.c...
creating preprocessor file for MDR32F9Qx_power.c...
compiling MDR32F9Qx_power.c...
creating preprocessor file for MDR32F9Qx_rst_clk.c...
compiling MDR32F9Qx_rst_clk.c...
creating preprocessor file for MDR32F9Qx_ssp.c...
compiling MDR32F9Qx_ssp.c...
creating preprocessor file for MDR32F9Qx_timer.c...
compiling MDR32F9Qx_timer.c...
creating preprocessor file for MDR32F9Qx_uart.c...
compiling MDR32F9Qx_uart.c...
creating preprocessor file for MDR32F9Qx_usb.c...
compiling MDR32F9Qx_usb.c...
creating preprocessor file for MDR32F9Qx_wwdg.c...
compiling MDR32F9Qx_wwdg.c...
creating preprocessor file for Font_12x16.c...
compiling Font_12x16.c...
creating preprocessor file for Font_6x8.c...
compiling Font_6x8.c...
creating preprocessor file for Font_7x10_bold.c...
compiling Font_7x10_bold.c...
creating preprocessor file for Font_7x10_thin.c...
compiling Font_7x10_thin.c...
assembling startup_MDR32F9Qx.s...
creating preprocessor file for system_MDR32F9Qx.c...
compiling system_MDR32F9Qx.c...
creating preprocessor file for Main.c...
compiling Main.c...
linking...
Program Size: Code=2988 RO-data=224 RW-data=4 ZI-data=1740  
".\Debug\Exe\MDR32F9Qx_Demo.axf" - 0 Error(s), 0 Warning(s).
Load "C:\\WORK\\Milandr.MDR1986BExx.1.4.0\\Example_Projects\\MDR1986VE91_Eval\\Demo\\ARM\\Debug\\Exe\\MDR32F9Qx_Demo.axf" 
* JLink Info: Device "UNSPECIFIED" selected (0 KB flash, 0 KB RAM).
Set JLink Project File to "C:\WORK\Milandr.MDR1986BExx.1.4.0\Example_Projects\MDR1986VE91_Eval\Demo\ARM\JLinkSettings.ini"
* JLink Info: Device "UNSPECIFIED" selected (0 KB flash, 0 KB RAM).
 
JLink info:
------------
DLL: V4.80g, compiled Feb 13 2014 20:50:02
Firmware: J-Link V9 compiled Jan 10 2014 19:51:25
Hardware: V9.00
S/N : 59200193 
Feature(s) : GDB 
 
* JLink Info: TotalIRLen = 4, IRPrint = 0x01
* JLink Info: Found Cortex-M3 r2p0, Little endian.
* JLink Info: FPUnit: 6 code (BP) slots and 2 literal slots
* JLink Info: TPIU fitted.
ROMTableAddr = 0xE00FF003
 
Target info:
------------
Device: MDR32F9Q1I
VTarget = 3.258V
State of Pins: 
TCK: 1, TDI: 0, TDO: 0, TMS: 0, TRES: 1, TRST: 1
Hardware-Breakpoints: 6
Software-Breakpoints: 8192
Watchpoints:          4
JTAG speed: 2000 kHz
 
Full Chip Erase Done.
Programming Done.
Verify OK.
Load "C:\\WORK\\Milandr.MDR1986BExx.1.4.0\\Example_Projects\\MDR1986VE91_Eval\\Demo\\ARM\\Debug\\Exe\\MDR32F9Qx_Demo.axf" 
* JLink Info: Device "UNSPECIFIED" selected (0 KB flash, 0 KB RAM).
Set JLink Project File to "C:\WORK\Milandr.MDR1986BExx.1.4.0\Example_Projects\MDR1986VE91_Eval\Demo\ARM\JLinkSettings.ini"
* JLink Info: Device "UNSPECIFIED" selected (0 KB flash, 0 KB RAM).
 
JLink info:
------------
DLL: V4.80g, compiled Feb 13 2014 20:50:02
Firmware: J-Link V9 compiled Jan 10 2014 19:51:25
Hardware: V9.00
S/N : 59200193 
Feature(s) : GDB 
 
* JLink Info: TotalIRLen = 4, IRPrint = 0x01
* JLink Info: Found Cortex-M3 r2p0, Little endian.
* JLink Info: FPUnit: 6 code (BP) slots and 2 literal slots
* JLink Info: TPIU fitted.
ROMTableAddr = 0xE00FF003
 
Target info:
------------
Device: MDR32F9Q1I
VTarget = 3.258V
State of Pins: 
TCK: 1, TDI: 0, TDO: 0, TMS: 0, TRES: 1, TRST: 1
Hardware-Breakpoints: 6
Software-Breakpoints: 8192
Watchpoints:          4
JTAG speed: 5000 kHz
 
Full Chip Erase Done.
Programming Done.
Verify OK.
</pre>
</body>
</html>
TDI: 0, TDO: 0, TMS: 0, TRES: 1, TRST: 1
Hardware-Breakpoints: 6
Software-Breakpoints: 8192
Watchpoints:          4
JTAG speed: 2000 kHz
 
Full Chip Erase Failed!
Error: Flash Download failed  -  "Cortex-M3"
Load "C:\\WORK\\Milandr.MDR1986BExx.1.4.0\\Example_Projects\\MDR1986VE91_Eval\\Demo\\ARM\\Debug\\Exe\\MDR32F9Qx_Demo.axf" 
* JLink Info: Device "UNSPECIFIED" selected (0 KB flash, 0 KB RAM).
Set JLink Project File to "C:\WORK\Milandr.MDR1986BExx.1.4.0\Example_Projects\MDR1986VE91_Eval\Demo\ARM\JLinkSettings.ini"
* JLink Info: Device "UNSPECIFIED" selected (0 KB flash, 0 KB RAM).
 
JLink info:
------------
DLL: V4.80g, compiled Feb 13 2014 20:50:02
Firmware: J-Link V9 compiled Jan 10 2014 19:51:25
Hardware: V9.00
S/N : 59200193 
Feature(s) : GDB 
 
* JLink Info: TotalIRLen = 4, IRPrint = 0x01
* JLink Info: Found Cortex-M3 r2p0, Little endian.
* JLink Info: FPUnit: 6 code (BP) slots and 2 literal slots
* JLink Info: TPIU fitted.
ROMTableAddr = 0xE00FF003
 
Target info:
------------
Device: MDR32F9Q1I
VTarget = 3.254V
State of Pins: 
TCK: 1, TDI: 0, TDO: 0, TMS: 0, TRES: 1, TRST: 1
Hardware-Breakpoints: 6
Software-Breakpoints: 8192
Watchpoints:          4
JTAG speed: 2000 kHz
 
Full Chip Erase Done.
No Algorithm found for: 08000000H - 08000C8FH
Programming skipped!
Error: Flash Download failed  -  "Cortex-M3"
